<html>
<body>
<pre>
<h1>µVision Build Log</h1>
<h2>Tool Versions:</h2>
IDE-Version: ¦ÌVision V5.14.0.0
Copyright (C) 2015 ARM Ltd and ARM Germany GmbH. All rights reserved.
License Information: jack ahwi, aaaa, LIC=FYKYW-QHDN2-121LE-5QQQH-7MG3M-6G999
 
Tool Versions:
Toolchain:       MDK-ARM Standard  Version: 5.14.0.0
Toolchain Path:  C:\Keil_v5\ARM\ARMCC\Bin
C Compiler:      Armcc.exe V5.05 update 1 (build 106)
Assembler:       Armasm.exe V5.05 update 1 (build 106)
Linker/Locator:  ArmLink.exe V5.05 update 1 (build 106)
Library Manager: ArmAr.exe V5.05 update 1 (build 106)
Hex Converter:   FromElf.exe V5.05 update 1 (build 106)
CPU DLL:         SARMCM3.DLL V5.14.0.0
Dialog DLL:      DCM.DLL V1.13.1.0
Target DLL:      Segger\JL2CM3.dll V2.99.13.0
Dialog DLL:      TCM.DLL V1.14.4.0
 
<h2>Project:</h2>
c:\Users\ahwi\02.note\18.learnElectron\code\chapter18\USER\LCD.uvprojx
Project File Date:  12/17/2022

<h2>Output:</h2>
Build target 'Template'
compiling lcd.c...
..\HARDWARE\LCD\lcd.c(1): warning:  #1-D: last line of file ends without a newline
  #include "lcd.h"
..\HARDWARE\LCD\lcd.h(17): warning:  #1-D: last line of file ends without a newline
  #endif
..\HARDWARE\LCD\lcd.c: 2 warnings, 0 errors
linking...
Program Size: Code=9672 RO-data=424 RW-data=52 ZI-data=1836  
FromELF: creating hex file...
"..\OBJ\Template.axf" - 0 Error(s), 2 Warning(s).

<h2>Collection of Component include folders:</h2>
  c:\Users\ahwi\02.note\18.learnElectron\code\chapter18\USER\RTE
  C:\Keil_v5\ARM\PACK\Keil\STM32F4xx_DFP\1.0.8\Device\Include

<h2>Collection of Component Files used:</h2>
</pre>
</body>
</html>
